02:09:39 **** Incremental Build of configuration Debug for project writngled ****
make -j9 all 
arm-none-eabi-gcc "../Core/Src/main.c" -mcpu=cortex-m7 -std=gnu11 -g3 -DDEBUG -DUSE_HAL_DRIVER -DSTM32F746xx -c -I../Core/Inc -I../Drivers/STM32F7xx_HAL_Driver/Inc -I../Drivers/STM32F7xx_HAL_Driver/Inc/Legacy -I../Drivers/CMSIS/Device/ST/STM32F7xx/Include -I../Drivers/CMSIS/Include -O0 -ffunction-sections -fdata-sections -Wall -fstack-usage -fcyclomatic-complexity -MMD -MP -MF"Core/Src/main.d" -MT"Core/Src/main.o" --specs=nano.specs -mfpu=fpv5-sp-d16 -mfloat-abi=hard -mthumb -o "Core/Src/main.o"
arm-none-eabi-gcc -o "writngled.elf" @"objects.list"   -mcpu=cortex-m7 -T"/Users/heliosestevezorozco/STM32_CUBE_IDE/writngled/STM32F746ZGTX_FLASH.ld" --specs=nosys.specs -Wl,-Map="writngled.map" -Wl,--gc-sections -static --specs=nano.specs -mfpu=fpv5-sp-d16 -mfloat-abi=hard -mthumb -Wl,--start-group -lc -lm -Wl,--end-group
Finished building target: writngled.elf
 
arm-none-eabi-size  writngled.elf 
arm-none-eabi-objdump -h -S writngled.elf  > "writngled.list"
   text	   data	    bss	    dec	    hex	filename
   6472	     12	   1572	   8056	   1f78	writngled.elf
Finished building: default.size.stdout
 
Finished building: writngled.list
 

02:09:39 Build Finished. 0 errors, 0 warnings. (took 461ms)

